Water
Water
Water
Water
Menji
Water
Draw
Draw
Menji
Draw
Water
Water
Draw
Draw
Draw
Water
Water
Water
Draw
Water
Draw
Water
Water
Water
Draw
Water
Draw
Draw
Draw
Menji
Draw
Draw
Water
Draw
Menji
Draw
Water
Draw
Water
Water
Draw
Water
Draw
Draw
Draw
Water
Water
Water
Draw
Water
