Water
Menji
Water
Water
Draw
Menji
Draw
Draw
Water
Menji
Water
Menji
Water
Menji
Water
Water
Water
Water
Water
Menji
Water
Draw
Water
Water
Draw
Water
Water
Water
Menji
Water
Water
Draw
Draw
Menji
Water
Menji
Menji
Water
Draw
Water
Water
Menji
Water
Water
Water
Water
Water
Menji
Water
Menji
Water
Water
Draw
Menji
Water
Draw
Water
Draw
Menji
Draw
Menji
Water
Menji
Draw
Water
Draw
Water
Draw
Water
Draw
Menji
Water
Water
Water
Water
Water
Water
Water
Menji
Menji
Water
Water
Menji
Water
Draw
Water
Water
Water
Menji
Water
Water
Water
Water
Water
Water
Water
Water
Water
Menji
Menji
Menji
Menji
Water
Menji
Water
Water
Menji
Menji
Draw
Draw
Menji
Menji
Menji
Water
Water
Water
Draw
Draw
Water
Water
Draw
Water
Water
Menji
Water
Water
Menji
Water
Water
Draw
Draw
Menji
Menji
Menji
Draw
Water
Menji
Draw
Water
Menji
Water
Water
Draw
Water
Water
Draw
Water
Draw
Water
Water
Water
Menji
Draw
Water
Menji
Water
Menji
Draw
Water
Water
Draw
Water
Water
Menji
Water
Water
Water
Draw
Menji
Menji
Water
Menji
Draw
Menji
Menji
Menji
Menji
Menji
Menji
Water
Water
Water
Water
Water
Water
Water
Menji
Draw
Draw
Menji
Menji
Water
Draw
Menji
Water
Menji
Water
Water
Water
Water
Draw
Menji
Water
Menji
Menji
Water
Menji
Draw
Draw
Draw
Draw
Menji
Water
Water
Menji
Menji
Water
Menji
Draw
Menji
Menji
Water
Menji
Water
Menji
Menji
Menji
Water
Water
Menji
Menji
Water
Water
Water
Water
Menji
Water
Menji
Water
Water
Water
Water
Menji
Menji
Draw
Menji
Menji
Menji
Draw
Water
Menji
Water
Water
Menji
Water
Water
Water
Water
Draw
Water
Water
Menji
Water
Water
Draw
Water
Water
Draw
Draw
Water
Draw
Water
Water
Draw
Draw
Water
Menji
Water
Water
Menji
Water
Water
Menji
Menji
Menji
Water
Water
Water
Menji
Water
Water
Water
Draw
Draw
Water
Water
Water
Menji
Water
Menji
Water
Menji
Water
Water
Menji
Draw
Water
Water
Draw
Menji
Menji
Water
Water
Menji
Draw
Menji
Draw
Water
Draw
Water
Water
Menji
Draw
Water
Water
Draw
Water
Water
Draw
Water
Menji
Menji
Water
Draw
Draw
Water
Draw
Water
Menji
Water
Water
Menji
Water
Draw
Menji
Draw
Draw
Menji
Water
Menji
Water
Draw
Water
Water
Menji
Menji
Menji
Water
Water
Water
Water
Draw
Draw
Menji
Draw
Draw
Water
Menji
Menji
Water
Water
Menji
Water
Menji
Water
Draw
Menji
Water
Draw
Menji
Menji
Water
Water
Menji
Water
Menji
Menji
Menji
Water
Water
Water
Water
Water
Draw
Draw
Water
Water
Menji
Water
Water
Draw
Water
Water
Water
Draw
Water
Water
Water
Water
Water
Menji
Draw
Water
Menji
Water
Water
Water
Draw
Water
Menji
Menji
Water
Water
Menji
Menji
Water
Water
Water
Menji
Water
Menji
Menji
Water
Draw
Water
Draw
Menji
Water
Water
Water
Menji
Water
Menji
Menji
Water
Menji
Draw
Draw
Menji
Draw
Water
Water
Draw
Water
Water
Menji
Water
Draw
Water
Menji
Draw
Draw
Menji
Water
Water
Water
Water
Menji
Water
Menji
Menji
Menji
Water
Water
Draw
Water
Draw
Water
Draw
Menji
Water
Menji
Menji
Menji
Water
Water
Menji
Water
Water
Menji
Water
Menji
Water
Water
Water
Menji
Water
Water
Water
Water
Draw
Draw
Menji
Menji
Menji
Water
Menji
Water
Water
Draw
Water
Menji
Menji
Water
Water
Water
Draw
Water
Draw
Water
Water
Water
Water
Water
Menji
Water
Water
Menji
Menji
Water
Water
Menji
Water
Water
Draw
Menji
Menji
Draw
Water
Water
Water
Menji
Water
Menji
Menji
Water
Water
Draw
Menji
Water
Menji
Water
Menji
Menji
Water
Water
Water
Water
Draw
Menji
Menji
Water
Menji
Draw
Water
Water
Draw
Menji
Water
Draw
Draw
Water
Draw
Water
Water
Water
Menji
Water
Water
Menji
Water
Water
Water
Water
Water
Water
Water
Water
Menji
Menji
Water
Water
Water
Menji
Menji
Water
Draw
Menji
Menji
Water
Menji
Draw
Water
Draw
Water
Menji
Menji
Menji
Water
Water
Water
Water
Water
Water
Water
Water
Draw
Menji
Water
Menji
Water
Menji
Water
Draw
Menji
Water
Menji
Water
Menji
Water
Water
Water
Water
Water
Menji
Water
Menji
Water
Menji
Draw
Water
Water
Menji
Menji
Menji
Draw
Menji
Menji
Water
Water
Menji
Water
Water
Water
Water
Water
Water
Menji
Menji
Water
Draw
Draw
Water
Draw
Draw
Water
Water
Water
Menji
Menji
Menji
Water
Menji
Water
Water
Menji
Menji
Menji
Menji
Water
Draw
Menji
Menji
Menji
Menji
Water
Menji
Water
Water
Water
Water
Menji
Water
Menji
Water
Menji
Water
Draw
Water
Menji
Menji
Water
Menji
Menji
Water
Menji
Water
Water
Water
Draw
Menji
Water
Water
Water
Draw
Draw
Draw
Menji
Menji
Draw
Menji
Water
Water
Menji
Menji
Water
Water
Menji
Menji
Menji
Water
Water
Water
Menji
Water
Water
Menji
Water
Menji
Menji
Menji
Water
Menji
Water
Menji
Water
Draw
Water
Menji
Water
Water
Menji
Menji
Water
Water
Water
Menji
Menji
Draw
Water
Draw
Draw
Water
Water
Water
Water
Draw
Water
Draw
Water
Water
Water
Water
Water
Water
Water
Menji
Draw
Menji
Water
Water
Water
Menji
Water
Menji
Draw
Menji
Water
Menji
Menji
Draw
Water
Menji
Water
Menji
Menji
Water
Menji
Water
Menji
Water
Menji
Water
Water
Menji
Menji
Menji
Water
Draw
Water
Menji
Water
Menji
Water
Water
Water
Menji
Draw
Water
Water
Water
Draw
Menji
Water
Water
Menji
Draw
Draw
Menji
Draw
Menji
Menji
Draw
Menji
Water
Water
Water
Menji
Menji
Menji
Draw
Water
Draw
Menji
Water
Draw
Menji
Menji
Water
Water
Water
Menji
Menji
Water
Menji
Draw
Menji
Water
Water
Menji
Water
Draw
Water
Water
Menji
Water
Water
Menji
Draw
Draw
Draw
Water
Draw
Water
Draw
Water
Draw
Draw
Menji
Water
Water
Draw
Water
Water
Water
Menji
Draw
Menji
Water
Water
Menji
Water
Water
Water
Menji
Water
Menji
Water
Draw
Menji
Water
Menji
Water
Menji
Menji
Menji
Water
Draw
Menji
Water
Menji
Water
Menji
Menji
Menji
Water
Draw
Menji
Menji
Water
Menji
Draw
Draw
Water
Menji
Menji
Water
Menji
Water
Water
Menji
Menji
Water
Water
Water
Water
Water
Menji
Draw
Water
Menji
Water
Draw
Water
Water
Water
Water
Menji
Menji
Water
Menji
Water
Water
Water
Menji
Draw
Water
Water
Draw
Menji
Water
Water
Draw
Water
Menji
Menji
Menji
Water
Menji
Water
Water
Draw
Water
Water
Water
Water
Menji
Menji
Menji
Draw
Draw
Menji
Water
Draw
Water
Menji
Water
Menji
Menji
Water
Menji
Water
Draw
Water
Menji
Water
Water
Draw
Water
Water
Water
Menji
Draw
Water
Menji
Menji
Menji
Water
Water
Draw
Water
Draw
Water
Water
Menji
Water
Draw
Water
Water
Menji
Water
Menji
Water
Draw
Water
Draw
Water
Menji
Water
Menji
Draw
Draw
Menji
Menji
Menji
Water
Menji
Water
Menji
Water
Menji
Water
Water
Water
Menji
Water
Water
Water
Water
Water
Water
Menji
Water
Water
Menji
Draw
Menji
Draw
Menji
Menji
Menji
Menji
Water
Menji
Water
Menji
Water
Menji
Menji
Menji
Water
Water
Menji
Water
Draw
Water
Draw
Menji
Menji
Water
Draw
Water
Water
Draw
Water
Menji
Water
Water
Water
Draw
Menji
Water
Menji
Draw
Draw
Water
Water
Draw
Menji
Water
Draw
Water
Draw
Menji
Draw
Water
Water
Water
Draw
Menji
Menji
Water
Menji
Menji
Menji
Water
Water
Menji
Water
Water
Water
Water
Menji
Draw
Draw
Menji
Water
Water
Water
Draw
Water
Menji
Draw
Water
Water
Water
Water
Draw
Water
Draw
Menji
Menji
Water
Menji
Menji
Menji
Water
Menji
Menji
Draw
Menji
Menji
Water
Menji
Water
Menji
Water
Water
Menji
Water
Draw
Water
Draw
Water
Menji
Draw
Menji
Water
Menji
Draw
Water
Draw
Menji
Menji
Water
Water
Menji
Draw
Water
Water
Menji
Menji
Water
Water
Water
Draw
Water
Water
Menji
Menji
Water
Menji
Water
Water
Water
Water
Water
Menji
Water
Water
Water
Draw
Water
Menji
Water
Water
Water
Menji
Draw
Water
Water
Menji
Draw
Water
Menji
Draw
Menji
Menji
Water
Water
Draw
Water
Draw
Draw
Water
Water
Menji
Draw
Water
Water
Draw
Water
Menji
Menji
Water
Water
Menji
Water
Water
Water
Menji
Water
Water
Water
Menji
Water
Draw
Water
Water
Draw
Water
Water
Menji
Water
Menji
Water
Draw
Menji
Draw
Water
Draw
Draw
Water
Water
Menji
Water
Water
Menji
Water
Water
Water
Water
Water
Menji
Menji
Menji
Water
Water
Water
Water
Draw
Water
Menji
Water
Water
Draw
Water
Water
Draw
Water
Menji
Water
Water
Water
Water
Draw
Menji
Water
Menji
Water
Water
Water
Water
Menji
Menji
Water
Menji
Water
Water
Draw
Menji
Water
Menji
Menji
Water
Draw
Draw
Water
Menji
Menji
Water
Draw
Water
Water
Water
Menji
Menji
Water
Water
Water
Water
Draw
Draw
Menji
Draw
Menji
Water
Water
Menji
Water
Menji
Menji
Draw
Water
Menji
Menji
Menji
Menji
Water
Draw
Water
Menji
Menji
Menji
Draw
Water
Water
Menji
Water
Draw
Water
Menji
Draw
Draw
Water
Menji
Draw
Menji
Draw
Menji
Menji
Menji
Water
Menji
Draw
Water
Water
Menji
Menji
Water
Water
Draw
Water
Draw
Draw
Water
Menji
Menji
Menji
Menji
Draw
Menji
Draw
Water
Water
Menji
Menji
Draw
Water
Menji
Water
Water
Water
Water
Water
Water
Water
Draw
Water
Menji
Menji
Water
Menji
Menji
Menji
Water
Water
Menji
Water
Draw
Water
Draw
Draw
Water
Draw
Water
Water
Water
Menji
Menji
Menji
Menji
Water
Water
Menji
Water
Water
Water
Menji
Draw
Menji
Menji
Menji
Menji
Water
Water
Water
Water
Water
Menji
Menji
Draw
Menji
Menji
Menji
Water
Water
Water
Menji
Water
Water
Menji
Draw
Menji
Draw
Menji
Water
Menji
Water
Water
Menji
Menji
Water
Menji
Water
Menji
Draw
Water
Water
Menji
Draw
Menji
Water
Water
Water
Draw
Water
Water
Water
Draw
Menji
Draw
Water
Water
Menji
Menji
Water
Draw
Menji
Draw
Menji
Water
Water
Water
Menji
Water
Menji
Draw
Water
Menji
Draw
Menji
Draw
Water
Draw
Water
Draw
Water
Water
Water
Draw
Draw
Draw
Water
Menji
Water
Menji
Menji
Draw
Menji
Water
Menji
Water
Water
Water
Menji
Menji
Draw
Menji
Draw
Water
Menji
Water
Draw
Menji
Menji
Draw
Water
Menji
Menji
Water
Water
Menji
Water
Water
Water
Water
Draw
Menji
Menji
Water
Water
Water
Menji
Water
Menji
Menji
Menji
Draw
Draw
Water
Water
Draw
Menji
Draw
Water
Menji
Water
Draw
Menji
Water
Water
Menji
Water
Water
Water
Water
Water
Water
Water
Draw
Water
Draw
Water
Menji
Menji
Water
Draw
Water
Water
Menji
Menji
Draw
Water
Menji
Water
Water
Water
Menji
Water
Menji
Water
Water
Menji
Water
Draw
Water
Draw
Water
Water
Menji
Water
Water
Draw
Draw
Menji
Water
Menji
Water
Water
Water
Menji
Menji
Water
Water
Draw
Menji
Draw
Water
Water
Water
Draw
Menji
Water
Menji
Draw
Water
Menji
Water
Water
Menji
Water
Draw
Water
Water
Water
Menji
Draw
Menji
Water
Menji
Water
Menji
Water
Water
Menji
Menji
Menji
Menji
Water
Water
Water
Draw
Menji
Menji
Draw
Draw
Draw
Menji
Menji
Water
Water
Draw
Water
Water
Water
Draw
Water
Draw
Menji
Water
Draw
Menji
Water
Menji
Menji
Water
Water
Draw
Draw
Draw
Water
Water
Water
Water
Menji
Water
Water
Menji
Water
Draw
Water
Water
Draw
Water
Menji
Draw
Water
Water
Water
Water
Menji
Water
Water
Water
Menji
Menji
Water
Draw
Water
Water
Menji
Menji
Menji
Water
Menji
Draw
Water
Water
Menji
Water
Water
Menji
Menji
Water
Draw
Water
Menji
Menji
Menji
Menji
Water
Menji
Water
Water
Draw
Water
Water
Water
Water
Water
Water
Draw
Draw
Menji
Water
Water
Menji
Menji
Menji
Menji
Menji
Menji
Menji
Menji
Menji
Water
Menji
Draw
Menji
Menji
Menji
Water
Menji
Menji
Draw
Menji
Menji
Water
Water
Water
Menji
Draw
Water
Water
Water
Menji
Water
Water
Draw
Water
Water
Draw
Water
Menji
Menji
Water
Water
Water
Water
Water
Water
Draw
Menji
Water
Water
Menji
Menji
Water
Water
Menji
Draw
Draw
Water
Draw
Draw
Menji
Water
Menji
Water
Water
Draw
Menji
Menji
Draw
Draw
Water
Water
Water
Water
Water
Menji
Water
Water
Draw
Menji
Water
Water
Menji
Menji
Water
Menji
Menji
Water
Water
Water
Draw
Water
Draw
Menji
Water
Water
Menji
Water
Water
Water
Draw
Water
Draw
Draw
Water
Draw
Water
Menji
Water
Water
Water
Menji
Water
Water
Menji
Draw
Water
Menji
Menji
Menji
Menji
Draw
Menji
Water
Menji
Water
Water
Water
Water
Water
Water
Water
Water
Menji
Menji
Water
Menji
Menji
Draw
Water
Water
Water
Draw
Menji
Draw
Water
Water
Water
Menji
Water
Water
Draw
Water
Menji
Water
Menji
Water
Menji
Water
Water
Menji
Menji
Menji
Menji
Water
Water
Water
Water
Menji
Water
Water
Water
Water
Menji
Menji
Water
Menji
Water
Water
Water
Menji
Water
Water
Water
Water
Water
Menji
Water
Menji
Menji
Draw
Water
Water
Menji
Draw
Menji
Draw
Water
Water
Water
Menji
Menji
Menji
Water
Menji
Menji
Water
Water
Water
Draw
Draw
Water
Draw
Water
Water
Menji
Menji
Menji
Draw
Draw
Draw
Draw
Water
Water
Water
Menji
Water
Water
Draw
Draw
Water
Draw
Water
Draw
Menji
Water
Menji
Water
Draw
Water
Draw
Water
Draw
Water
Menji
Water
Menji
Draw
Draw
Draw
Draw
Menji
Draw
Menji
Water
Water
Water
Draw
Draw
Draw
Menji
Water
Menji
Menji
Water
Menji
Water
Draw
Draw
Water
Menji
Water
Water
Menji
Draw
Water
Menji
Menji
Menji
Water
Water
Menji
Menji
Draw
Water
Menji
Water
Menji
Draw
Water
Menji
Draw
Draw
Water
Menji
Water
Water
Menji
Draw
Draw
Menji
Water
Draw
Menji
Water
Draw
Menji
Water
Menji
Draw
Water
Water
Menji
Water
Menji
Water
Water
Draw
Water
Draw
Menji
Menji
Draw
Menji
Water
Menji
Water
Draw
Menji
Water
Water
Water
Water
Water
Draw
Menji
Water
Water
Water
Draw
Water
Water
Draw
Menji
Menji
Menji
Water
Draw
Water
Menji
Water
Water
Draw
Water
Water
Water
Menji
Water
Draw
Water
Water
Water
Water
Menji
Water
Water
Menji
Menji
Water
Menji
Draw
Draw
Draw
Menji
Menji
Menji
Water
Menji
Water
Water
Menji
Draw
Water
Draw
Water
Water
Water
Menji
Menji
Menji
Water
Menji
Water
Water
Water
Menji
Menji
Water
Water
Water
Menji
Water
Menji
Menji
Water
Menji
Menji
Water
Draw
Menji
Menji
Water
Draw
Water
Water
Water
Water
Water
Menji
Menji
Menji
Water
Menji
Menji
Menji
Water
Water
Water
Water
Water
Water
Water
Menji
Water
Water
Draw
Water
Water
Water
Menji
Menji
Menji
Menji
Water
Water
Water
Menji
Water
Water
Draw
Menji
Menji
Draw
Water
Menji
Menji
Water
Water
Menji
Water
Draw
Water
Menji
Draw
Water
Menji
Water
Water
Draw
Menji
Water
Menji
Draw
Menji
Water
Draw
Menji
Draw
Water
Water
Menji
Menji
Menji
Menji
Water
Water
Water
Water
Water
Water
Menji
Menji
Menji
Menji
Water
Water
Water
Water
Draw
Menji
Menji
Menji
Water
Water
Menji
Draw
Menji
Water
Menji
Draw
Menji
Water
Water
Draw
Water
Menji
Menji
Draw
Water
Water
Water
Water
Menji
Water
Draw
Draw
Water
Water
Water
Water
Water
Water
Menji
Water
Water
Water
Water
Menji
Water
Water
Water
Water
Water
Draw
Menji
Water
Water
Water
Draw
Water
Menji
Water
Menji
Menji
Draw
Draw
Water
Menji
Menji
Water
Water
Draw
Menji
Water
Water
Draw
Draw
Draw
Water
Menji
Draw
Water
Draw
Water
Water
Menji
Draw
Menji
Menji
Water
Menji
Draw
Draw
Menji
Water
Draw
Menji
Water
Menji
Menji
Water
Menji
Menji
Water
Menji
Water
Menji
Draw
Menji
Water
Menji
Water
Menji
Water
Water
Water
Water
Menji
Water
Water
Water
Menji
Water
Menji
Menji
Menji
Draw
Water
Menji
Water
Draw
Water
Water
Water
Menji
Water
Menji
Water
Menji
Draw
Menji
Menji
Menji
Menji
Water
Water
Menji
Water
Menji
Menji
Menji
Water
Water
Menji
Water
Draw
Water
Water
Menji
Draw
Draw
Menji
Menji
Menji
Water
Water
Water
Water
Water
Water
Water
Water
Menji
Water
Water
Menji
Draw
Water
Draw
Water
Water
Draw
Water
Water
Menji
Water
Water
Menji
Water
Water
Draw
Water
Menji
Menji
Water
Water
Water
Water
Water
Water
Menji
Water
Menji
Water
Menji
Menji
Menji
Water
Water
Draw
Menji
Water
Water
Water
Water
Water
Water
Water
Water
Water
Menji
Draw
Menji
Menji
Menji
Menji
Water
Menji
Water
Water
Water
Water
Water
Draw
Draw
Menji
Water
Draw
Water
Menji
Menji
Menji
Menji
Water
Water
Water
Water
Water
Draw
Water
Draw
Menji
Water
Water
Water
Menji
Menji
Water
Water
Water
Water
Water
Menji
Draw
Water
Water
Menji
Draw
Water
Water
Menji
Menji
Draw
Water
Water
Water
Menji
Water
Water
Menji
Water
Water
Menji
Menji
Draw
Draw
Menji
Menji
Water
Draw
Water
Water
Water
Menji
Menji
Water
Draw
Water
Menji
Menji
Menji
Water
Water
Water
Menji
Menji
Draw
Menji
Draw
Water
Water
Water
Draw
Water
Water
Menji
Water
Draw
Water
Menji
Water
Draw
Water
Draw
Draw
Draw
Draw
Draw
Water
Menji
Menji
Draw
Water
Water
Water
Draw
Menji
Water
Water
Draw
Draw
Water
Water
Water
Menji
Water
Water
Menji
Water
Menji
Water
Water
Water
Menji
Draw
Water
Water
Menji
Water
Menji
Water
Draw
Water
Menji
Water
Water
Water
Menji
Menji
Draw
Draw
Menji
Water
Water
Water
Menji
Draw
Menji
Draw
Draw
Menji
Water
Water
Menji
Menji
Water
Draw
Water
Water
Water
Water
Draw
Water
Water
Menji
Water
Draw
Menji
Menji
Menji
Menji
Water
Water
Water
Draw
Water
Water
Menji
Water
Water
Draw
Water
Water
Draw
Draw
Menji
Draw
Menji
Menji
Menji
Water
Menji
Draw
Menji
Menji
Draw
Draw
Menji
Menji
Water
Draw
Water
Water
Water
Water
Water
Water
Water
Water
Water
Menji
Water
Menji
Menji
Menji
Menji
Menji
Menji
Water
Menji
Draw
Menji
Water
Water
Water
Draw
Water
Menji
Water
Water
Menji
Draw
Draw
Draw
Water
Menji
Water
Menji
Draw
Water
Menji
Water
Water
Menji
Water
Water
Menji
Water
Water
Menji
Draw
Menji
Draw
Draw
Water
Water
Water
Menji
Water
Water
Draw
Menji
Water
Draw
Water
Water
Menji
Water
Water
Menji
Water
Water
Menji
Water
Water
Menji
Water
Water
Water
Water
Water
Menji
Water
Menji
Menji
Water
Menji
Menji
Menji
Draw
Water
Water
Menji
Menji
Water
Menji
Water
Water
Water
Draw
Water
Menji
Menji
Menji
Water
Water
Water
Menji
Draw
Draw
Menji
Draw
Water
Menji
Water
Menji
Water
Water
Menji
Water
Water
Menji
Water
Draw
Menji
Menji
Menji
Draw
Draw
Menji
Menji
Water
Draw
Water
Water
Menji
Water
Water
Water
Water
Draw
Menji
Water
Water
Menji
Water
Water
Water
Water
Menji
Draw
Menji
Menji
Draw
Water
Water
Water
Water
Water
Water
Water
Menji
Menji
Menji
Menji
Water
Menji
Menji
Water
Water
Water
Water
Water
Draw
Water
Menji
Water
Menji
Draw
Water
Water
Menji
Water
Water
Draw
Menji
Draw
Water
Menji
Menji
Water
Water
Menji
Water
Menji
Draw
Menji
Draw
Water
Water
Water
Water
Water
Menji
Draw
Water
Menji
Water
Water
Draw
Menji
Water
Water
Draw
Menji
Water
Draw
Menji
Menji
Draw
Draw
Draw
Menji
Draw
Menji
Menji
Menji
Draw
Water
Water
Menji
Menji
Water
Water
Water
Menji
Menji
Water
Menji
Menji
Water
Water
Water
Water
Menji
Water
Draw
Water
Water
Water
Water
Water
Water
Water
Water
Water
Menji
Water
Water
Draw
Draw
Draw
Draw
Water
Water
Water
Water
Draw
Water
Menji
Draw
Water
Water
Water
Water
Water
Water
Water
Menji
Water
Water
Draw
Menji
Draw
Menji
Water
Water
Menji
Draw
Draw
Menji
Menji
Water
Draw
Water
Water
Water
Menji
Water
Water
Menji
Menji
Draw
Water
Draw
Menji
Draw
Draw
Water
Menji
Menji
Water
Water
Menji
Draw
Water
Water
Water
Menji
Water
Water
Water
Water
Draw
Draw
Water
Water
Water
Water
Draw
Menji
Menji
Water
Menji
Draw
Water
Menji
Draw
Water
Draw
Menji
Water
Draw
Menji
Water
Water
Water
Menji
Draw
Water
Water
Water
Water
Draw
Menji
Menji
Water
Water
Water
Menji
Draw
Draw
Menji
Water
Menji
Draw
Water
Water
Menji
Draw
Water
Menji
Water
Water
Water
Menji
Water
Menji
Water
Water
Menji
Water
Water
Water
Water
Water
Menji
Draw
Water
Water
Menji
Water
Water
Water
Water
Draw
Water
Water
Draw
Draw
Menji
Menji
Menji
Draw
Water
Water
Menji
Draw
Water
Water
Menji
Water
Draw
Menji
Menji
Water
Draw
Menji
Water
Draw
Water
Menji
Menji
Water
Water
Menji
Draw
Water
Draw
Water
Menji
Draw
Menji
Draw
Menji
Menji
Menji
Menji
Menji
Menji
Water
Water
Menji
Menji
Menji
Water
Menji
Menji
Menji
Water
Water
Draw
Water
Draw
Water
Water
Water
Water
Water
Draw
Draw
Water
Menji
Water
Water
Water
Water
Water
Water
Draw
Water
Menji
Menji
Water
Water
Water
Menji
Water
Water
Menji
Draw
Menji
Water
Water
Menji
Water
Water
Water
Water
Draw
Water
Draw
Draw
Water
Draw
Water
Menji
Menji
Water
Draw
Water
Draw
Menji
Water
Water
Menji
Draw
Water
Menji
Menji
Water
Water
Water
Water
Water
Draw
Menji
Menji
Menji
Menji
Water
Draw
Water
Menji
Draw
Water
Water
Menji
Menji
Menji
Water
Water
Water
Water
Draw
Draw
Menji
Menji
Water
Water
Water
Water
Menji
Water
Menji
Menji
Draw
Menji
Draw
Water
Menji
Water
Water
Menji
Menji
Water
Water
Draw
Water
Draw
Water
Draw
Draw
Draw
Draw
Water
Menji
Water
Water
Water
Menji
Draw
Water
Menji
Water
Water
Menji
Water
Water
Water
Water
Draw
Menji
Menji
Menji
Menji
Draw
Water
Water
Menji
Draw
Water
Water
Water
Draw
Draw
Menji
Water
Menji
Water
Draw
Water
Menji
Menji
Menji
Menji
Water
Menji
Menji
Water
Draw
Draw
Menji
Menji
Draw
Water
Water
Water
Water
Menji
Draw
Water
Water
Water
Draw
Water
Menji
Menji
Draw
Menji
Water
Water
Water
Water
Water
Water
Water
Menji
Menji
Draw
Menji
Menji
Water
Water
Water
Water
Water
Draw
Draw
Draw
Menji
Water
Water
Draw
Water
Draw
Water
Draw
Water
Draw
Water
Water
Water
Menji
Draw
Draw
Water
Draw
Menji
Water
Water
Water
Menji
Water
Water
Menji
Water
Draw
Water
Water
Menji
Water
Draw
Menji
Menji
Water
Menji
Water
Water
Menji
Water
Menji
Water
Water
Water
Water
Water
Water
Menji
Water
Water
Water
Draw
Water
Menji
Water
Menji
Water
Draw
Menji
Water
Draw
Menji
Water
Draw
Water
Menji
Water
Menji
Menji
Draw
Menji
Water
Water
Water
Draw
Menji
Water
Water
Draw
Water
Water
Menji
Draw
Draw
Draw
Water
Water
Draw
Water
Menji
Water
Menji
Water
Water
Menji
Draw
Menji
Water
Menji
Menji
Water
Menji
Water
Menji
Water
Menji
Water
Menji
Draw
Water
Menji
Water
Water
Water
Water
Menji
Water
Draw
Draw
Water
Water
Menji
Menji
Draw
Water
Draw
Water
Water
Water
Water
Draw
Menji
Water
Menji
Menji
Water
Water
Menji
Water
Menji
Water
Menji
Menji
Menji
Menji
Water
Draw
Menji
Draw
Draw
Water
Menji
Menji
Draw
Water
Water
Menji
Menji
Menji
Water
Water
Draw
Water
Water
Menji
Menji
Water
Menji
Water
Menji
Draw
Water
Water
Water
Menji
Menji
Water
Water
Water
Menji
Draw
Water
Water
Menji
Draw
Draw
Menji
Menji
Menji
Draw
Menji
Water
Water
Menji
Menji
Water
Draw
Menji
Menji
Water
Draw
Water
Menji
Water
Water
Water
Water
Menji
Water
Water
Water
Water
Draw
Water
Water
Water
Water
Draw
Menji
Draw
Water
Water
Menji
Menji
Water
Draw
Menji
Menji
Water
Menji
Water
Water
Water
Menji
Menji
Water
Water
Draw
Water
Menji
Water
Menji
Water
Menji
Water
Water
Water
Draw
Menji
Menji
Menji
Water
Menji
Water
Menji
Water
Menji
Menji
Water
Menji
Draw
Draw
Draw
Water
Water
Water
Water
Water
Water
Water
Menji
Draw
Water
Menji
Water
Water
Water
Water
Water
Menji
Water
Draw
Water
Menji
Menji
Menji
Water
Menji
Water
Water
Water
Menji
Water
Menji
Water
Draw
Water
Menji
Draw
Menji
Menji
Menji
Water
Menji
Draw
Water
Water
Menji
Water
Water
Water
Draw
Water
Water
Menji
Water
Draw
Menji
Water
Menji
Menji
Menji
Menji
Draw
Water
Menji
Water
Water
Menji
Menji
Water
Menji
Water
Menji
Draw
Menji
Water
Water
Water
Water
Draw
Water
Water
Water
Menji
Menji
Water
Menji
Water
Menji
Water
Water
Water
Water
Draw
Draw
Water
Water
Water
Water
Water
Water
Draw
Water
Menji
Menji
Menji
Draw
Water
Water
Draw
Water
Water
Draw
Menji
Menji
Menji
Water
Menji
Menji
Water
Draw
Water
Menji
Water
Water
Water
Draw
Water
Draw
Menji
Water
Draw
Water
Menji
Menji
Menji
Menji
Water
Menji
Water
Menji
Menji
Water
Water
Draw
Menji
Draw
Water
Water
Menji
Water
Draw
Water
Water
Water
Draw
Water
Draw
Water
Menji
Menji
Water
Menji
Water
Draw
Menji
Menji
Menji
Menji
Draw
Draw
Water
Water
Menji
Water
Water
Water
Water
Menji
Draw
Draw
Water
Menji
Water
Draw
Water
Menji
Water
Menji
Water
Water
Water
Water
Menji
Water
Water
Water
Draw
Menji
Menji
Water
Water
Water
Menji
Menji
Water
Water
Water
Water
Water
Water
Menji
Water
Menji
Menji
Menji
Draw
Water
Menji
Water
Draw
Menji
Menji
Water
Menji
Menji
Menji
Menji
Water
Water
Menji
Menji
Water
Draw
Water
Menji
Water
Water
Water
Draw
Water
Water
Water
Menji
Water
Water
Menji
Water
Draw
Menji
Draw
Water
Menji
Menji
Water
Draw
Draw
Water
Water
Menji
Draw
Menji
Draw
Water
Draw
Menji
Menji
Water
Menji
Water
Menji
Water
Water
Menji
Draw
Water
Water
Draw
Menji
Water
Water
Menji
Draw
Water
Draw
Water
Water
Draw
Water
Water
Water
Draw
Water
Menji
Draw
Menji
Water
Water
Water
Water
Water
Draw
Menji
Water
Menji
Draw
Water
Menji
Water
Water
Water
Water
Water
Water
Draw
Water
Menji
Draw
Menji
Menji
Menji
Water
Draw
Draw
Draw
Menji
Water
Draw
Water
Water
Water
Water
Water
Water
Draw
Draw
Water
Water
Water
Menji
Water
Menji
Menji
Water
Water
Water
Water
Menji
Menji
Draw
Draw
Menji
Menji
Menji
Menji
Water
Menji
Water
Draw
Draw
Draw
Water
Water
Draw
Menji
Water
Draw
Water
Menji
Water
Water
Menji
Water
Menji
Menji
Menji
Water
Water
Water
Menji
Water
Water
Water
Menji
Water
Water
Water
Water
Draw
Menji
Draw
Water
Draw
Water
Water
Menji
Water
Water
Water
Menji
Menji
Water
Menji
Menji
Water
Draw
Menji
Draw
Menji
Menji
Menji
Water
Menji
Draw
Water
Water
Draw
Menji
Menji
Menji
Menji
Water
Water
Water
Water
Menji
Water
Menji
Water
Menji
Menji
Menji
Menji
Menji
Water
Water
Water
Water
Menji
Water
Water
Water
Water
Water
Draw
Water
Water
Water
Menji
Menji
Water
Water
Water
Draw
Menji
Water
Menji
Water
Water
Water
Menji
Menji
Water
Draw
Water
Water
Draw
Menji
Menji
Menji
Water
Menji
Menji
Water
Draw
Water
Water
Menji
Draw
Menji
Water
Water
Water
Water
Water
Menji
Water
Draw
Menji
Water
Menji
Menji
Water
Draw
Draw
Water
Water
Menji
Water
Menji
Menji
Water
Menji
Draw
Menji
Water
Water
Water
Water
Water
Draw
Menji
Draw
Water
Menji
Water
Draw
Water
Water
Menji
Water
Water
Menji
Water
Water
Menji
Menji
Water
Water
Water
Water
Draw
Menji
Water
Draw
Menji
Water
Water
Menji
Menji
Menji
Draw
Water
Water
Water
Menji
Menji
Water
Water
Water
Water
Menji
Water
Menji
Water
Water
Menji
Menji
Menji
Draw
Draw
Water
Water
Water
Menji
Water
Draw
Menji
Water
Menji
Water
Draw
Water
Draw
Draw
Water
Draw
Menji
Draw
Water
Menji
Water
Menji
Menji
Draw
Water
Water
Water
Water
Menji
Draw
Menji
Draw
Water
Menji
Menji
Menji
Draw
Draw
Draw
Water
Water
Water
Water
Water
Menji
Water
Water
Water
Menji
Water
Water
Water
Menji
Menji
Draw
Menji
Water
Menji
Menji
Water
Menji
Water
Menji
Water
Draw
Draw
Draw
Water
Draw
Draw
Menji
Water
Menji
Water
Menji
Water
Water
Water
Water
Water
Water
Draw
Draw
Water
Draw
Menji
Water
Menji
Menji
Menji
Water
Water
Menji
Draw
Water
Water
Water
Draw
Water
Menji
Draw
Menji
Menji
Water
Water
Menji
Water
Draw
Menji
Draw
Menji
Draw
Menji
Draw
Water
Menji
Water
Water
Menji
Water
Menji
Menji
Water
Draw
Draw
Draw
Water
Draw
Water
Menji
Water
Water
Menji
Water
Menji
Water
Menji
Water
Water
Water
Water
Menji
Water
Draw
Menji
Menji
Menji
Menji
Water
Water
Menji
Menji
Menji
Menji
Menji
Menji
Water
Water
Draw
Water
Water
Draw
Draw
Menji
Water
Menji
Water
Menji
Menji
Menji
Water
Menji
Water
Menji
Water
Water
Menji
Menji
Water
Draw
Water
Water
Water
Water
Menji
Menji
Menji
Water
Menji
Draw
Water
Water
Menji
Draw
Menji
Water
Water
Menji
Menji
Menji
Draw
Draw
Menji
Water
Water
Draw
Menji
Menji
Menji
Water
Menji
Water
Menji
Water
Water
Draw
Menji
Water
Water
Water
Water
Menji
Menji
Menji
Menji
Menji
Water
Water
Draw
Draw
Menji
Draw
Draw
Menji
Water
Water
Menji
Menji
Water
Draw
Draw
Draw
Draw
Draw
Water
Menji
Menji
Menji
Menji
Draw
Water
Menji
Water
Draw
Draw
Draw
Menji
Water
Draw
Water
Water
Water
Water
Water
Water
Water
Menji
Water
Water
Water
Menji
Menji
Water
Menji
Menji
Menji
Draw
Menji
Water
Water
Water
Menji
Draw
Draw
Menji
Menji
Water
Menji
Draw
Water
Water
Menji
Water
Menji
Draw
Menji
Menji
Water
Water
Water
Menji
Menji
Water
Water
Water
Draw
Draw
Draw
Water
Menji
Water
Water
Water
Water
Water
Menji
Water
Water
Water
Draw
Menji
Water
Water
Water
Menji
Draw
Menji
Menji
Water
Water
Water
Draw
Water
Water
Menji
Water
Menji
Menji
Menji
Draw
Water
Menji
Draw
Draw
Water
Water
Water
Menji
Menji
Water
Menji
Water
Water
Menji
Draw
Menji
Draw
Water
Water
Menji
Draw
Menji
Menji
Water
Draw
Water
Draw
Water
Menji
Draw
Menji
Water
Water
Menji
Menji
Menji
Menji
Water
Water
Menji
Water
Water
Menji
Menji
Water
Draw
Draw
Menji
Menji
Water
Draw
Water
Water
Water
Draw
Draw
Menji
Water
Water
Draw
Water
Menji
Draw
Draw
Water
Water
Water
Draw
Menji
Water
Water
Water
Draw
Water
Menji
Draw
Water
Water
Menji
Menji
Water
Draw
Menji
Draw
Draw
Water
Water
Water
Water
Water
Draw
Draw
Menji
Water
Draw
Draw
Water
Water
Draw
Menji
Water
Menji
Water
Draw
Water
Menji
Water
Water
Menji
Water
Menji
Menji
Draw
Water
Water
Water
Water
Draw
Water
Water
Water
Menji
Menji
Menji
Draw
Menji
Draw
Menji
Menji
Water
Water
Water
Menji
Water
Water
Water
Water
Water
Water
Water
Menji
Draw
Water
Draw
Water
Water
Menji
Water
Water
Draw
Draw
Water
Menji
Draw
Water
Water
Menji
Menji
Water
Menji
Menji
Water
Water
Water
Menji
Water
Draw
Menji
Water
Menji
Menji
Draw
Menji
Water
Water
Water
Menji
Draw
Menji
Draw
Water
Draw
Draw
Draw
Menji
Water
Draw
Water
Draw
Menji
Menji
Draw
Menji
Water
Water
Menji
Water
Draw
Water
Menji
Menji
Water
Water
Menji
Menji
Menji
Draw
Menji
Draw
Water
Menji
Water
Menji
Menji
Menji
Water
Menji
Water
Water
Water
Water
Water
Menji
Water
Water
Water
Water
Menji
Draw
Water
Menji
Draw
Menji
Menji
Water
Menji
Water
Menji
Water
Water
Water
Water
Water
Water
Water
Draw
Water
Draw
Water
Menji
Water
Water
Menji
Draw
Water
Draw
Water
Menji
Draw
Menji
Draw
Draw
Water
Water
Water
Water
Menji
Water
Water
Menji
Menji
Draw
Draw
Water
Menji
Menji
Menji
Water
Water
Draw
Water
Water
Menji
Water
Menji
Menji
Draw
Water
Menji
Draw
Draw
Draw
Menji
Menji
Menji
Water
Menji
Water
Water
Water
Water
Draw
Water
Draw
Water
Water
Draw
Draw
Menji
Menji
Water
Water
Water
Water
Water
Draw
Water
Draw
Menji
Water
Menji
Draw
Water
Water
Menji
Menji
Water
Water
Menji
Water
Water
Water
Water
Water
Water
Water
Water
Water
Water
Water
Menji
Water
Menji
Water
Draw
Water
Menji
Water
Menji
Water
Water
Water
Menji
Menji
Menji
Draw
Menji
Water
Menji
Water
Menji
Menji
Draw
Water
Water
Water
Menji
Water
Draw
Menji
Water
Menji
Water
Draw
Draw
Water
Water
Draw
Water
Water
Draw
Water
Menji
Draw
Water
Water
Water
Water
Menji
Menji
Water
Draw
Menji
Menji
Water
Water
Water
Menji
Water
Water
Menji
Menji
Water
Draw
Menji
Water
Menji
Menji
Water
Water
Menji
Water
Draw
Water
Water
Menji
Draw
Menji
Menji
Water
Menji
Menji
Menji
Menji
Menji
Water
Water
Water
Menji
Menji
Water
Water
Menji
Menji
Menji
Draw
Menji
Water
Water
Menji
Draw
Water
Water
Menji
Menji
Water
Draw
Draw
Menji
Menji
Draw
Menji
Menji
Draw
Water
Menji
Water
Water
Water
Draw
Water
Water
Water
Menji
Menji
Draw
Water
Water
Menji
Draw
Draw
Menji
Menji
Water
Draw
Menji
Water
Menji
Water
Water
Water
Water
Menji
Draw
Water
Water
Water
Menji
Water
Draw
Water
Menji
Menji
Draw
Water
Water
Menji
Menji
Water
Menji
Water
Water
Menji
Menji
Water
Water
Draw
Water
Water
Water
Water
Menji
Water
Draw
Water
Water
Water
Menji
Water
Water
Water
Water
Water
Water
Draw
Water
Menji
Draw
Water
Water
Menji
Menji
Water
Menji
Menji
Water
Menji
Water
Water
Water
Water
Water
Draw
Draw
Water
Water
Water
Menji
Water
Water
Water
Water
Water
Draw
Water
Draw
Menji
Water
Water
Draw
Menji
Water
Draw
Water
Menji
Water
Draw
Water
Water
Menji
Draw
Water
Water
Draw
Draw
Water
Draw
Water
Water
Water
Menji
Menji
Menji
Menji
Water
Menji
Menji
Draw
Water
Draw
Water
Water
Water
Water
Water
Draw
Draw
Menji
Menji
Water
Water
Water
Water
Water
Water
Water
Menji
Water
Menji
Water
Water
Water
Menji
Water
Water
Water
Draw
Water
Menji
Draw
Water
Draw
Draw
Draw
Draw
Menji
Water
Menji
Water
Draw
Water
Menji
Water
Menji
Draw
Draw
Draw
Water
Water
Water
Menji
Menji
Menji
Water
Draw
Draw
Draw
Menji
Water
Menji
Menji
Water
Menji
Draw
Water
Menji
Draw
Water
Water
Draw
Water
Draw
Draw
Water
Draw
Draw
Water
Water
Menji
Menji
Water
Draw
Water
Water
Water
Water
Water
Menji
Water
Draw
Menji
Menji
Water
Menji
Menji
Water
Menji
Draw
Water
Menji
Draw
Water
Water
Water
Water
Menji
Water
Draw
Water
Water
Water
Menji
Draw
Water
Water
Water
Menji
Draw
Menji
Menji
Water
Draw
Water
Draw
Water
Draw
Water
Menji
Water
Menji
Menji
Water
Water
Water
Menji
Water
Water
Water
Menji
Draw
Water
Draw
Draw
Menji
Water
Water
Menji
Water
Water
Water
Menji
Water
Water
Water
Water
Menji
Water
Water
Draw
Water
Water
Menji
Menji
Water
Menji
Menji
Menji
Water
Menji
Water
Water
Draw
Menji
Menji
Water
Draw
Water
Water
Water
Water
Water
Water
Water
Water
Draw
Water
Water
Water
Draw
Water
Draw
Menji
Water
Draw
Menji
Menji
Menji
Draw
Water
Menji
Water
Draw
Menji
Menji
Water
Water
Menji
Water
Water
Menji
Menji
Draw
Water
Draw
Water
Water
Water
Water
Draw
Menji
Draw
Water
Draw
Water
Water
Menji
Menji
Water
Water
Menji
Water
Menji
Draw
Menji
Menji
Water
Water
Draw
Water
Water
Draw
Water
Menji
Water
Water
Water
Draw
Water
Water
Water
Draw
Menji
Draw
Menji
Draw
Menji
Menji
Menji
Menji
Draw
Draw
Water
Water
Draw
Water
Menji
Water
Water
Draw
Water
Water
Draw
Water
Menji
Menji
Draw
Water
Menji
Water
Water
Draw
Menji
Draw
Water
Water
Water
Draw
Water
Water
Water
Water
Water
Menji
Water
Water
Menji
Water
Water
Water
Menji
Menji
Menji
Menji
Draw
Draw
Menji
Menji
Draw
Draw
Menji
Menji
Draw
Water
Water
Water
Water
Water
Water
Water
Water
Water
Water
Water
Menji
Water
Draw
Water
Menji
Water
Water
Water
Water
Water
Draw
Water
Water
Menji
Menji
Menji
Draw
Water
Menji
Menji
Draw
Draw
Draw
Water
Water
Water
Water
Water
Water
Water
Water
Menji
Menji
Menji
Water
Water
Water
Water
Menji
Water
Draw
Water
Menji
Water
Menji
Water
Water
Water
Water
Water
Water
Draw
Water
Water
Menji
Draw
Water
Water
Menji
Menji
Water
Water
Water
Water
Water
Water
Menji
Menji
Menji
Water
Draw
Menji
Menji
Draw
Water
Water
Menji
Menji
Menji
Draw
Water
Draw
Draw
Menji
Draw
Menji
Water
Water
Water
Water
Water
Menji
Draw
Water
Menji
Water
Water
Draw
Water
Menji
Draw
Menji
Water
Menji
Menji
Water
Water
Water
Water
Draw
Menji
Water
Water
Menji
Water
Menji
Water
Draw
Menji
Water
Water
Draw
Menji
Water
Water
Draw
Water
Menji
Water
Water
Water
Menji
Draw
Menji
Water
Water
Water
Menji
Water
Menji
Draw
Water
Menji
Menji
Draw
Menji
Water
Menji
Water
Menji
Menji
Water
Menji
Draw
Menji
Water
Menji
Water
Menji
Menji
Draw
Menji
Water
Water
Menji
Water
Menji
Menji
Draw
Menji
Water
Water
Menji
Draw
Water
Menji
Water
Water
Draw
Water
Menji
Water
Water
Menji
Water
Menji
Menji
Menji
Menji
Menji
Water
Water
Menji
Menji
Menji
Water
Draw
Menji
Water
Water
Menji
Menji
Menji
Menji
Draw
Water
Water
Menji
Draw
Water
Water
Water
Menji
Menji
Menji
Menji
Draw
Water
Water
Water
Menji
Water
Water
Draw
Water
Draw
Water
Menji
Water
Water
Menji
Draw
Draw
Draw
Water
Water
Water
Draw
Menji
Water
Water
Water
Water
Water
Water
Water
Menji
Menji
Water
Water
Draw
Water
Menji
Menji
Draw
Draw
Water
Water
Menji
Menji
Draw
Menji
Water
Water
Water
Draw
Menji
Water
Draw
Draw
Menji
Menji
Menji
Water
Draw
Water
Water
Water
Water
Menji
Water
Water
Menji
Water
Water
Water
Draw
Water
Menji
Water
Menji
Water
Menji
Draw
Water
Menji
Water
Menji
Water
Water
Water
Menji
Menji
Water
Water
Water
Water
Draw
Water
Menji
Water
Water
Menji
Water
Water
Menji
Water
Menji
Draw
Water
Water
Water
Water
Water
Water
Menji
Water
Menji
Water
Water
Draw
Water
Draw
Water
Menji
Menji
Water
Water
Water
Water
Water
Water
Water
Menji
Menji
Water
Water
Draw
Draw
Water
Menji
Water
Menji
Menji
Menji
Menji
Water
Menji
Menji
Menji
Menji
Water
Draw
Menji
Water
Water
Water
Water
Menji
Water
Water
Draw
Menji
Menji
Water
Menji
Water
Water
Menji
Water
Menji
Draw
Menji
Menji
Menji
Draw
Menji
Menji
Menji
Water
Menji
Water
Draw
Water
Draw
Water
Water
Water
Menji
Water
Water
Menji
Water
Menji
Water
Menji
Draw
Menji
Menji
Water
Water
Water
Water
Water
Water
Water
Water
Menji
Menji
Water
Water
Draw
Water
Water
Water
Water
Water
Water
Draw
Menji
Menji
Water
Water
Water
Menji
Water
Menji
Menji
Menji
Water
Draw
Menji
Water
Draw
Water
Menji
Water
Water
Menji
Water
Water
Water
Water
Water
Draw
Menji
Water
Water
Water
Draw
Menji
Water
Menji
Water
Water
Menji
Water
Water
Menji
Water
Draw
Water
Water
Water
Water
Water
Menji
Menji
Draw
Water
Water
Water
Water
Menji
Water
Draw
Menji
Draw
Water
Draw
Draw
Draw
Water
Water
Draw
Water
Water
Water
Water
Water
Water
Menji
Water
Menji
Draw
Menji
Water
Draw
Draw
Menji
Water
Menji
Water
Water
Water
Menji
Water
Water
Water
Water
Water
Water
Draw
Water
Menji
Menji
Menji
Water
Water
Water
Menji
Draw
Water
Draw
Water
Water
Menji
Menji
Water
Menji
Water
Menji
Menji
Menji
Water
Menji
Water
Menji
Menji
Menji
Water
Water
Water
Menji
Water
Water
Water
Water
Water
Menji
Menji
Menji
Water
Menji
Menji
Menji
Water
Draw
Water
Water
Menji
Water
Draw
Menji
Water
Menji
Water
Water
Menji
Water
Water
Water
Water
Draw
Water
Draw
Menji
Menji
Draw
Water
Draw
Water
Water
Draw
Water
Water
Menji
Water
Water
Menji
Draw
Water
Water
Water
Draw
Draw
Water
Water
Menji
Water
Menji
Water
Menji
Draw
Water
Water
Water
Menji
Menji
Draw
Draw
Menji
Draw
Water
Water
Water
Water
Water
Draw
Menji
Water
Water
Menji
Menji
Water
Water
Water
Menji
Water
Water
Water
Menji
Draw
Menji
Menji
Water
Water
Water
Water
Water
Draw
Water
Draw
Menji
Water
Draw
Menji
Water
Water
Water
Menji
Water
Water
Water
Water
Menji
Water
Menji
Water
Water
Water
Menji
Menji
Draw
Water
Water
Water
Water
Menji
Water
Draw
Menji
Menji
Water
Draw
Water
Draw
Menji
Draw
Water
Menji
Water
Menji
Menji
Water
Menji
Menji
Menji
Water
Water
Menji
Draw
Menji
Water
Water
Menji
Menji
Water
Water
Menji
Draw
Draw
Menji
Draw
Water
Menji
Water
Water
Menji
Draw
Draw
Water
Water
Water
Menji
Menji
Draw
Menji
Menji
Menji
Water
Draw
Menji
Water
Water
Water
Draw
Water
Water
Water
Water
Water
Menji
Water
Menji
Draw
Water
Water
Water
Water
Water
Draw
Water
Draw
Menji
Water
Menji
Draw
Draw
Draw
Draw
Water
Menji
Menji
Menji
Menji
Water
Draw
Menji
Draw
Water
Water
Water
Water
Draw
Water
Water
Menji
Menji
Water
Water
Draw
Menji
Water
Menji
Water
Water
Draw
Water
Menji
Water
Water
Menji
Menji
Water
Menji
Water
Draw
Menji
Water
Water
Draw
Menji
Menji
Menji
Water
Menji
Water
Draw
Water
Menji
Water
Water
Draw
Water
Water
Draw
Water
Menji
Menji
Draw
Water
Water
Menji
Menji
Menji
Menji
Water
Draw
Menji
Water
Water
Draw
Menji
Water
Water
Menji
Menji
Menji
Water
Menji
Menji
Menji
Water
Menji
Water
Water
Menji
Water
Water
Menji
Menji
Draw
Water
Draw
Menji
Menji
Water
Water
Menji
Menji
Water
Water
Menji
Water
Water
Menji
Water
Water
Water
Draw
Menji
Draw
Draw
Water
Menji
Draw
Water
Water
Water
Water
Draw
Draw
Water
Menji
Menji
Water
Water
Menji
Menji
Water
Water
Water
Menji
Menji
Menji
Water
Water
Water
Draw
Water
Draw
Water
Water
Draw
Water
Menji
Water
Menji
Menji
Draw
Water
Menji
Water
Water
Water
Water
Water
Water
Menji
Menji
Draw
Water
Menji
Water
Water
Menji
Menji
Draw
Menji
Water
Menji
Draw
Water
Water
Water
Water
Water
Draw
Water
Water
Menji
Water
Draw
Draw
Water
Menji
Draw
Draw
Water
Menji
Water
Draw
Water
Menji
Water
Menji
Water
Water
Water
Draw
Menji
Water
Menji
Water
Draw
Water
Water
Menji
Draw
Water
Water
Draw
Menji
Water
Water
Menji
Menji
Menji
Draw
Menji
Menji
Draw
Water
Water
Menji
Water
Draw
Water
Menji
Menji
Water
Draw
Menji
Menji
Menji
Water
Draw
Water
Menji
Water
Menji
Water
Menji
Draw
Water
Menji
Water
Water
Draw
Menji
Water
Menji
Water
Water
Draw
Menji
Draw
Draw
Water
Draw
Water
Water
Menji
Menji
Water
Draw
Menji
Water
Menji
Water
Water
Draw
Water
Draw
Water
Water
Menji
Water
Menji
Water
Water
Menji
Menji
Menji
Draw
Water
Water
Menji
Menji
Water
Water
Menji
Draw
Menji
Water
Menji
Menji
Water
Menji
Menji
Water
Draw
Water
Menji
Draw
Menji
Water
Water
Menji
Water
Water
Water
Water
Menji
Menji
Draw
Menji
Menji
Water
Water
Water
Water
Menji
Draw
Menji
Water
Menji
Draw
Menji
Draw
Water
Water
Water
Water
Menji
Menji
Menji
Menji
Draw
Water
Menji
Menji
Water
Water
Menji
Water
Draw
Water
Water
Menji
Water
Water
Water
Water
Water
Menji
Water
Draw
Water
Water
Menji
Menji
Menji
Menji
Draw
Draw
Menji
Menji
Water
Draw
Water
Water
Menji
Water
Menji
Draw
Water
Water
Menji
Draw
Water
Menji
Water
Water
Draw
Draw
Water
Water
Draw
Menji
Water
Water
Menji
Water
Water
Draw
Menji
Water
Water
Menji
Water
Water
Water
Draw
Water
Menji
Water
Menji
Menji
Water
Water
Draw
Water
Water
Water
Water
Water
Menji
Menji
Draw
Menji
Draw
Water
Menji
Water
Menji
Water
Water
Water
Water
Water
Menji
Water
Water
Menji
Water
Water
Water
Water
Water
Water
Water
Draw
Menji
Water
Draw
Draw
Water
Water
Water
Water
Water
Water
Water
Draw
Water
Draw
Water
Water
Menji
Water
Water
Menji
Menji
Menji
Water
Menji
Draw
Water
Water
Water
Menji
Menji
Water
Menji
Water
Water
Draw
Draw
Menji
Water
Menji
Water
Water
Menji
Water
Water
Menji
Menji
Water
Water
Menji
Water
Water
Draw
Menji
Water
Water
Water
Water
Draw
Water
Water
Water
Menji
Draw
Water
Water
Draw
Menji
Water
Water
Water
Menji
Menji
Menji
Menji
Water
Water
Menji
Water
Menji
Water
Water
Water
Draw
Water
Draw
Draw
Menji
Water
Water
Menji
Water
Menji
Water
Menji
Water
Water
Water
Menji
Menji
Water
Draw
Draw
Menji
Menji
Water
Menji
Water
Water
Water
Menji
Draw
Menji
Water
Draw
Draw
Menji
Menji
Water
Menji
Water
Draw
Menji
Water
Draw
Water
Water
Draw
Water
Draw
Menji
Menji
Water
Water
Menji
Water
Menji
Water
Menji
Draw
Draw
Menji
Water
Menji
Draw
Water
Menji
Water
Water
Water
Water
Menji
Menji
Water
Menji
Draw
Draw
Draw
Water
Menji
Menji
Menji
Menji
Menji
Draw
Water
Water
Menji
Draw
Menji
Menji
Menji
Menji
Draw
Menji
Menji
Water
Water
Water
Draw
Menji
Draw
Water
Water
Menji
Water
Water
Menji
Water
Water
Water
Water
Water
Menji
Water
Water
Draw
Menji
Draw
Water
Water
Water
Menji
Menji
Water
Draw
Water
Draw
Menji
Menji
Menji
Water
Menji
Water
Menji
Menji
Water
Water
Water
Menji
Water
Menji
Draw
Draw
Draw
Draw
Water
Draw
Water
Water
Menji
Water
Water
Draw
Water
Water
Menji
Water
Water
Draw
Water
Water
Water
Water
Water
Water
Water
Water
Menji
Menji
Menji
Water
Water
Water
Water
Menji
Menji
Menji
Water
Menji
Water
Water
Water
Water
Menji
Water
Water
Menji
Water
Menji
Menji
Draw
Menji
Water
Water
Water
Draw
Water
Water
Menji
Water
Menji
Water
Menji
Menji
Water
Draw
Water
Water
Water
Water
Water
Water
Water
Water
Draw
Menji
Draw
Menji
Draw
Menji
Menji
Water
Menji
Menji
Water
Menji
Water
Menji
Water
Water
Draw
Draw
Draw
Draw
Menji
Draw
Water
Water
Menji
Menji
Water
Water
Water
Water
Water
Water
Water
Water
Water
Menji
Menji
Menji
Water
Menji
Water
Draw
Water
Water
Water
Water
Menji
Menji
Water
Draw
Draw
Draw
Water
Menji
Menji
Menji
Draw
Water
Water
Menji
Menji
Menji
Water
Water
Water
Menji
Menji
Menji
Draw
Water
Draw
Water
Water
Menji
Water
Menji
Water
Water
Water
Menji
Menji
Water
Menji
Menji
Menji
Water
Draw
Water
Menji
Water
Draw
Menji
Menji
Water
Water
Water
Draw
Menji
Menji
Menji
Water
Water
Menji
Menji
Draw
Menji
Menji
Menji
Menji
Water
Draw
Water
Water
Menji
Water
Draw
Menji
Menji
Menji
Menji
Menji
Menji
Water
Water
Menji
Water
Menji
Menji
Menji
Water
Water
Water
Water
Water
Water
Menji
Water
Draw
Draw
Menji
Draw
Menji
Water
Menji
Water
Menji
Draw
Draw
Water
Menji
Water
Menji
Water
Water
Water
Menji
Draw
Menji
Draw
Water
Water
Water
Menji
Menji
Draw
Menji
Menji
Menji
Draw
Water
Menji
Menji
Water
Draw
Water
Menji
Water
Draw
Water
Draw
Menji
Water
Menji
Draw
Menji
Water
Menji
Menji
Water
Draw
Water
Draw
Menji
Draw
Water
Menji
Draw
Water
Menji
Menji
Menji
Draw
Menji
Draw
Menji
Menji
Water
Water
Draw
Water
Water
Draw
Menji
Water
Water
Water
Water
Water
Water
Draw
Water
Menji
Water
Water
Draw
Menji
Menji
Water
Menji
Menji
Water
Water
Draw
Water
Menji
Water
Water
Menji
Water
Water
Menji
Water
Water
Water
Draw
Water
Water
Menji
Water
Menji
Water
Draw
Water
Menji
Menji
Water
Menji
Water
Menji
Menji
Draw
Menji
Draw
Draw
Draw
Water
Water
Draw
Draw
Draw
Menji
Menji
Menji
Water
Water
Draw
Menji
Menji
Water
Menji
Water
Water
Menji
Water
Water
Menji
Menji
Menji
Water
Menji
Menji
Water
Menji
Water
Water
Water
Water
Water
Water
Water
Water
Draw
Draw
Water
Menji
Water
Draw
Draw
Menji
Menji
Water
Water
Draw
Menji
Draw
Water
Water
Water
Water
Water
Menji
Water
Water
Menji
Menji
Menji
Water
Draw
Water
Menji
Water
Menji
Water
Menji
Water
Menji
Water
Water
Menji
Water
Water
Menji
Water
Water
Water
Draw
Water
Draw
Water
Water
Draw
Menji
Menji
Water
Water
Menji
Water
Water
Menji
Draw
Water
Menji
Water
Water
Menji
Water
Water
Water
Menji
Menji
Menji
Menji
Water
Menji
Water
Draw
Menji
Draw
Water
Menji
Menji
Water
Water
Water
Menji
Water
Menji
Water
Water
Draw
Menji
Draw
Draw
Menji
Water
Menji
Water
Menji
Water
Menji
Draw
Menji
Menji
Menji
Water
Water
Water
Menji
Water
Water
Water
Menji
Water
Water
Menji
Water
Menji
Menji
Water
Draw
Water
Menji
Menji
Water
Water
Menji
Draw
Water
Menji
Draw
Draw
Water
Water
Draw
Draw
Water
Water
Water
Menji
Menji
Menji
Water
Menji
Water
Water
Water
Water
Water
Draw
Water
Water
Water
Water
Water
Menji
Draw
Water
Menji
Menji
Draw
Menji
Water
Water
Water
Water
Water
Draw
Water
Water
Menji
Menji
Water
Water
Water
Menji
Water
Water
Menji
Water
Water
Draw
Menji
Menji
Water
Menji
Draw
Draw
Menji
Draw
Water
Water
Water
Draw
Water
Draw
Water
Water
Water
Water
Water
Draw
Water
Water
Water
Water
Water
Draw
Water
Draw
Draw
Menji
Menji
Water
Water
Water
Menji
Water
Draw
Water
Draw
Menji
Draw
Draw
Water
Water
Water
Water
Draw
Water
Draw
Water
Menji
Menji
Water
Menji
Draw
Water
Draw
Menji
Menji
Menji
Water
Draw
Water
Water
Menji
Draw
Menji
Draw
Draw
Menji
Menji
Draw
Draw
Draw
Water
Menji
Water
Water
Menji
Water
Draw
Water
Water
Water
Water
Draw
Menji
Draw
Draw
Menji
Menji
Water
Water
Menji
Draw
Water
Water
Water
Menji
Menji
Water
Water
Menji
Menji
Menji
Water
Water
Menji
Water
Draw
Water
Water
Menji
Draw
Water
Menji
Menji
Water
Water
Water
Water
Menji
Water
Menji
Water
Menji
Draw
Menji
Menji
Water
Menji
Menji
Menji
Water
Water
Water
Menji
Water
Water
Menji
Draw
Water
Water
Water
Water
Menji
Menji
Water
Menji
Water
Water
Menji
Draw
Water
Water
Water
Water
Menji
Draw
Water
Water
Water
Water
Water
Water
Menji
Draw
Menji
Water
Water
Water
Draw
Menji
Draw
Menji
Water
Water
Water
Draw
Menji
Menji
Menji
Water
Water
Water
Water
Menji
Water
Water
Water
Draw
Water
Menji
Water
Water
Menji
Water
Menji
Water
Menji
Water
Water
Water
Water
Menji
Water
Menji
Water
Water
Menji
Menji
Menji
Water
Water
Menji
Water
Menji
Water
Draw
Menji
Water
Draw
Menji
Water
Water
Water
Water
Water
Draw
Draw
Water
Water
Water
Water
Draw
Water
Menji
Menji
Water
Menji
Draw
Menji
Draw
Draw
Draw
Water
Water
Water
Draw
Draw
Menji
Draw
Water
Water
Menji
Draw
Water
Menji
Menji
Menji
Draw
Water
Menji
Water
Water
Water
Water
Water
Water
Draw
Menji
Draw
Menji
Draw
Menji
Water
Menji
Draw
Draw
Menji
Menji
Water
Water
Water
Menji
Menji
Water
Menji
Draw
Menji
Water
Draw
Menji
Water
Draw
Menji
Water
Menji
Menji
Menji
Draw
Water
Water
Water
Draw
Draw
Water
Water
Menji
Menji
Water
Water
Water
Menji
Menji
Menji
Water
Water
Water
Water
Water
Draw
Menji
Draw
Draw
Menji
Menji
Menji
Draw
Menji
Water
Draw
Water
Menji
Draw
Water
Water
Draw
Draw
Draw
Draw
Water
Menji
Menji
Water
Draw
Water
Water
Draw
Water
Menji
Draw
Water
Menji
Menji
Draw
Menji
Water
Water
Water
Water
Water
Menji
Menji
Water
Draw
Menji
Water
Draw
Water
Water
Menji
Draw
Water
Menji
Draw
Water
Water
Menji
Water
Water
Water
Menji
Menji
Menji
Water
Draw
Water
Water
Draw
Draw
Draw
Menji
Draw
Water
Water
Water
Menji
Menji
Draw
Water
Menji
Menji
Water
Water
Water
Water
Water
Menji
Menji
Water
Menji
Water
Menji
Water
Draw
Menji
Water
Draw
Water
Menji
Menji
Menji
Draw
Water
Water
Draw
Menji
Menji
Draw
Draw
Draw
Water
Water
Water
Water
Water
Draw
Menji
Water
Water
Water
Draw
Water
Menji
Menji
Draw
Water
Water
Menji
Water
Water
Water
Water
Menji
Menji
Menji
Menji
Water
Draw
Water
Water
Water
Draw
Water
Water
Menji
Water
Menji
Draw
Draw
Water
Water
Water
Draw
Water
Water
Water
Water
Menji
Menji
Water
Draw
Menji
Water
Water
Water
Draw
Water
Water
Water
Water
Menji
Menji
Water
Menji
Water
Menji
Menji
Draw
Water
Menji
Draw
Water
Menji
Water
Menji
Draw
Water
Water
Water
Draw
Water
Menji
Menji
Water
Draw
Menji
Water
Water
Draw
Menji
Draw
Water
Menji
Draw
Draw
Menji
Water
Water
Menji
Draw
Water
Water
Water
Draw
Water
Water
Water
Water
Water
Menji
Menji
Menji
Menji
Menji
Menji
Water
Draw
Menji
Draw
Draw
Water
Water
Menji
Draw
Draw
Water
Water
Water
Water
Menji
Menji
Draw
Water
Water
Menji
Water
Menji
Draw
Menji
Water
Water
Draw
Menji
Menji
Water
Water
Water
Water
Water
Menji
Draw
Water
Water
Water
Menji
Draw
Draw
Menji
Menji
Water
Water
Menji
Draw
Water
Water
Water
Water
Water
Draw
Menji
Draw
Menji
Water
Menji
Draw
Water
Menji
Water
Water
Menji
Menji
Water
Water
Water
Draw
Draw
Water
Menji
Water
Water
Water
Menji
Water
Draw
Water
Draw
Water
Water
Menji
Water
Menji
Water
Draw
Water
Draw
Water
Draw
Menji
Draw
Water
Water
Draw
Menji
Menji
Water
Water
Water
Draw
Draw
Draw
Draw
Water
Menji
Water
Draw
Water
Draw
Water
Menji
Water
Water
Draw
Menji
Menji
Water
Menji
Menji
Water
Menji
Water
Menji
Water
Water
Water
Water
Water
Draw
Water
Water
Water
Draw
Water
Menji
Menji
Menji
Menji
Water
Water
Water
Menji
Water
Water
Draw
Menji
Water
Water
Water
Water
Draw
Water
Menji
Draw
Menji
Menji
Menji
Water
Water
Water
Water
Menji
Menji
Draw
Water
Draw
Draw
Water
Menji
Menji
Water
Water
Water
Water
Menji
Draw
Water
Menji
Water
Water
Menji
Draw
Water
Draw
Menji
Water
Water
Menji
Draw
Menji
Water
Menji
Water
Water
Water
Menji
Menji
Water
Water
Water
Menji
Draw
Water
Water
Draw
Water
Draw
Menji
Water
Menji
Menji
Water
Water
Water
Menji
Water
Menji
Water
Water
Water
Water
Draw
Water
Water
Water
Menji
Water
Menji
Menji
Menji
Water
Draw
Draw
Menji
Water
Water
Menji
Water
Draw
Menji
Draw
Menji
Water
Water
Water
Water
Draw
Water
Water
Water
Menji
Menji
Water
Menji
Menji
Menji
Water
Water
Water
Menji
Menji
Water
Menji
Water
Water
Menji
Water
Water
Water
Menji
Draw
Water
Water
Menji
Draw
Menji
Water
Water
Water
Menji
Menji
Water
Draw
Draw
Menji
Menji
Menji
Water
Menji
Water
Draw
Water
Menji
Menji
Water
Water
Draw
Water
Menji
Draw
Menji
Water
Menji
Water
Water
Menji
Menji
Menji
Menji
Menji
Water
Menji
Water
Menji
Water
Menji
Draw
Water
Water
Water
Menji
Water
Water
Water
Water
Water
Menji
Menji
Draw
Menji
Menji
Draw
Water
Menji
Water
Menji
Draw
Menji
Water
Water
Draw
Menji
Water
Draw
Water
Menji
Water
Water
Menji
Menji
Menji
Menji
Menji
Menji
Draw
Menji
Water
Draw
Menji
Menji
Water
Water
Water
Water
Draw
Draw
Water
Water
Draw
Draw
Menji
Draw
Menji
Water
Draw
Water
Water
Water
Draw
Water
Water
Draw
Draw
Menji
Water
Draw
Menji
Water
Draw
Water
Water
Menji
Menji
Menji
Menji
Water
Draw
Menji
Menji
Menji
Menji
Draw
Water
Menji
Water
Water
Water
Water
Water
Menji
Menji
Draw
Water
Menji
Menji
Draw
Draw
Menji
Water
Draw
Water
Water
Water
Draw
Water
Water
Water
Draw
Water
Water
Water
Water
Water
Menji
Draw
Water
Draw
Menji
Water
Water
Menji
Menji
Water
Water
Draw
Menji
Draw
Draw
Menji
Water
Water
Draw
Water
Water
Menji
Water
Menji
Water
Menji
Menji
Water
Menji
Draw
Water
Water
Menji
Water
Water
Menji
Water
Water
Menji
Water
Menji
Water
Water
Draw
Water
Menji
Water
Draw
Water
Menji
Water
Menji
Water
Menji
Water
Menji
Water
Menji
Water
Water
Water
Menji
Draw
Draw
Menji
Water
Menji
Water
Water
Water
Menji
Water
Menji
Menji
Water
Water
Water
Water
Menji
Draw
Draw
Menji
Menji
Menji
Water
Draw
Menji
Water
Water
Draw
Water
Water
Water
Water
Menji
Water
Menji
Draw
Water
Water
Menji
Water
Water
Water
Water
Draw
Water
Water
Water
Water
Menji
Water
Menji
Menji
Menji
Water
Menji
Draw
Water
Water
Water
Water
Draw
Water
Water
Water
Menji
Menji
Water
Menji
Water
Water
Menji
Menji
Draw
Water
Water
Menji
Menji
Menji
Water
Draw
Water
Water
Draw
Water
Water
Water
Menji
Draw
Menji
Water
Water
Menji
Water
Menji
Water
Water
Draw
Water
Menji
Menji
Menji
Menji
Menji
Water
Water
Water
Water
Draw
Menji
Menji
Water
Menji
Water
Water
Water
Water
Menji
Menji
Water
Menji
Water
Water
Water
Water
Water
Menji
Draw
Menji
Draw
Water
Menji
Menji
Draw
Water
Water
Water
Water
Water
Draw
Draw
Draw
Menji
Draw
Water
Water
Draw
Menji
Draw
Water
Water
Water
Draw
Menji
Water
Menji
Menji
Water
Water
Water
Draw
Menji
Draw
Water
Water
Water
Water
Water
Water
Water
Menji
Water
Draw
Menji
Water
Water
Draw
Water
Water
Menji
Water
Menji
Water
Water
Menji
Water
Menji
Water
Draw
Menji
Water
Water
Water
Menji
Menji
Menji
Draw
Water
Water
Menji
Draw
Menji
Menji
Water
Water
Menji
Draw
Water
Water
Water
Menji
Water
Water
Menji
Water
Menji
Water
Water
Draw
Menji
Water
Menji
Menji
Draw
Water
Menji
Water
Menji
Menji
Menji
Menji
Menji
Menji
Water
Draw
Menji
Menji
Menji
Water
Water
Draw
Menji
Draw
Water
Draw
Menji
Water
Water
Menji
Draw
Draw
Draw
Menji
Water
Water
Water
Menji
Menji
Water
Water
Water
Menji
Draw
Menji
Menji
Menji
Menji
Water
Water
Water
Menji
Draw
Menji
Water
Menji
Water
Water
Draw
Draw
Water
Water
Draw
Water
Water
Water
Water
Water
Water
Menji
Water
Draw
Water
Menji
Menji
Water
Menji
Water
Water
Water
Draw
Water
Water
Water
Draw
Menji
Menji
Draw
Water
Water
Draw
Water
Menji
Menji
Water
Draw
Water
Water
Water
Menji
Water
Draw
Water
Water
Water
Menji
Menji
Water
Water
Water
Water
Draw
Water
Menji
Water
Menji
Water
Menji
Draw
Water
Draw
Draw
Draw
Water
Menji
Draw
Water
Menji
Water
Water
Water
Water
Water
Menji
Water
Draw
Water
Menji
Water
Water
Water
Menji
Draw
Draw
Menji
Menji
Water
Draw
Menji
Water
Water
Menji
Water
Menji
Water
Water
Water
Draw
Water
Water
Menji
Water
Menji
Water
Menji
Water
Menji
Water
Water
Water
Water
Menji
Water
Menji
Menji
Draw
Draw
Water
Water
Draw
Menji
Water
Menji
Water
Water
Water
Water
Water
Menji
Draw
Water
Draw
Menji
Draw
Draw
Water
Menji
Draw
Water
Water
Menji
Water
Menji
Water
Water
Water
Water
Water
Water
Menji
Water
Menji
Water
Water
Water
Water
Draw
Water
Menji
Menji
Menji
Water
Menji
Water
Menji
Menji
Draw
Water
Menji
Menji
Water
Menji
Water
Menji
Water
Menji
Water
Water
Menji
Water
Menji
Water
Menji
Water
Water
Water
Water
Draw
Draw
Water
Menji
Menji
Draw
Water
Water
Menji
Water
Menji
Menji
Water
Menji
Draw
Menji
Water
Menji
Water
Water
Water
Water
Water
Water
Menji
Draw
Water
Water
Menji
Menji
Menji
Water
Draw
Water
Menji
Water
Water
Draw
Water
Draw
Water
Draw
Draw
Water
Water
Menji
Draw
Water
Water
Water
Menji
Draw
Water
Water
Draw
Menji
Menji
Draw
Menji
Water
Water
Menji
Water
Draw
Water
Water
Menji
Menji
Water
Water
Draw
Water
Menji
Water
Water
Draw
Draw
Menji
Menji
Menji
Menji
Water
Menji
Draw
Water
Menji
Water
Water
Menji
Menji
Water
Menji
Water
Water
Menji
Draw
Water
Menji
Draw
Water
Water
Draw
Water
Menji
Draw
Water
Menji
Draw
Menji
Menji
Draw
Water
Water
Water
Menji
Draw
Menji
Menji
Menji
Water
Water
Menji
Water
Menji
Water
Menji
Draw
Water
Menji
Draw
Water
Draw
Menji
Draw
Draw
Water
Draw
Water
Menji
Water
Water
Menji
Water
Menji
Draw
Water
Menji
Menji
Draw
Water
Menji
Water
Menji
Menji
Water
Water
Water
Draw
Menji
Water
Water
Water
Water
Draw
Water
Water
Water
Water
Water
Menji
Menji
Draw
Draw
Water
Menji
Draw
Water
Draw
Water
Draw
Menji
Menji
Draw
Draw
Menji
Draw
Water
Menji
Water
Water
Menji
Water
Water
Menji
Water
Water
Water
Water
Water
Water
Water
Draw
Water
Menji
Water
Water
Water
Water
Menji
Menji
Menji
Water
Menji
Water
Water
Water
Draw
Water
Menji
Draw
Water
Menji
Water
Draw
Water
Menji
Menji
Menji
Water
Draw
Draw
Water
Menji
Water
Draw
Water
Menji
Water
Menji
Menji
Menji
Draw
Water
Menji
Water
Water
Water
Menji
Draw
Water
Water
Draw
Draw
Water
Draw
Menji
Water
Draw
Water
Water
Water
Menji
Draw
Menji
Menji
Menji
Menji
Water
Water
Draw
Water
Water
Menji
Menji
Menji
Menji
Menji
Menji
Water
Water
Menji
Water
Water
Draw
Water
Water
Water
Water
Menji
Water
Water
Draw
Water
Water
Water
Menji
Menji
Water
Water
Draw
Water
Menji
Water
Draw
Water
Menji
Water
Draw
Water
Water
Menji
Draw
Draw
Menji
Menji
Draw
Menji
Water
Water
Menji
Menji
Menji
Water
Draw
Water
Menji
Water
Draw
Water
Draw
Draw
Menji
Water
Menji
Water
Menji
Water
Water
Draw
Menji
Water
Menji
Draw
Draw
Water
Water
Water
Water
Water
Draw
Water
Menji
Menji
Draw
Menji
Draw
Water
Water
Menji
Water
Water
Menji
Water
Menji
Draw
Menji
Water
Draw
Menji
Draw
Draw
Menji
Draw
Water
Water
Water
Water
Menji
Water
Water
Water
Menji
Water
Water
Draw
Water
Water
Water
Water
Menji
Water
Menji
Draw
Draw
Water
Water
Water
Draw
Draw
Water
Draw
Menji
Draw
Menji
Menji
Menji
Menji
Menji
Draw
Water
Water
Water
Water
Water
Water
Menji
Water
Menji
Menji
Water
Water
Water
Water
Water
Water
Menji
Draw
Water
Draw
Menji
Water
Draw
Menji
Water
Water
Menji
Water
Water
Water
Draw
Menji
Menji
Menji
Water
Water
Menji
Draw
Draw
Water
Draw
Draw
Menji
Water
Water
Menji
Menji
Menji
Menji
Draw
Draw
Menji
Menji
Draw
Draw
Menji
Menji
Menji
Draw
Water
Menji
Water
Menji
Menji
Menji
Water
Menji
Water
Menji
Water
Draw
Draw
Water
Menji
Draw
Water
Menji
Menji
Draw
Menji
Menji
Water
Water
Menji
Menji
Water
Draw
Menji
Draw
Water
Water
Menji
Draw
Water
Water
Water
Draw
Water
Menji
Water
Menji
Water
Draw
Water
Water
Water
Draw
Water
Water
Menji
Menji
Menji
Menji
Water
Water
Menji
Water
Water
Water
Water
Menji
Menji
Draw
Draw
Draw
Water
Draw
Menji
Water
Menji
Water
Menji
Menji
Menji
Water
Water
Water
Menji
Water
Draw
Water
Draw
Water
Menji
Menji
Water
Draw
Menji
Water
Menji
Water
Menji
Water
Draw
Water
Water
Draw
Water
Water
Water
Draw
Draw
Menji
Draw
Water
Water
Water
Water
Water
Water
Water
Water
Water
Menji
Water
Menji
Water
Water
Menji
Menji
Draw
Water
Water
Menji
Water
Menji
Water
Water
Water
Water
Water
Menji
Draw
Water
Water
Water
Menji
Menji
Menji
Draw
Menji
Water
Menji
Draw
Draw
Water
Menji
Menji
Draw
Menji
Menji
Water
Menji
Menji
Water
Water
Draw
Water
Water
Water
Water
Water
Menji
Draw
Draw
Water
Water
Draw
Water
Draw
Water
Menji
Water
Menji
Draw
Menji
Draw
Water
Menji
Water
Water
Water
Menji
Water
Water
Menji
Water
Menji
Draw
Menji
Water
Menji
Water
Water
Water
Draw
Menji
Water
Water
Water
Menji
Water
Water
Water
Draw
Draw
Water
Draw
Water
Water
Water
Menji
Water
Water
Water
Water
Menji
Menji
Water
Water
Menji
Draw
Water
Menji
Water
Menji
Water
Water
Menji
Draw
Water
Draw
Draw
Menji
Water
Draw
Water
Menji
Menji
Water
Water
Draw
Menji
Draw
Draw
Water
Menji
Menji
Water
Water
Water
Water
Water
Water
Draw
Draw
Menji
Water
Draw
Menji
Water
Water
Water
Menji
Menji
Menji
Menji
Draw
Water
Water
Menji
Menji
Menji
Water
Water
Water
Water
Draw
Menji
Water
Water
Draw
Water
Draw
Draw
Menji
Water
Menji
Water
Water
Water
Water
Water
Draw
Menji
Draw
Menji
Menji
Draw
Menji
Draw
Water
Water
Water
Menji
Menji
Menji
Draw
Menji
Water
Water
Draw
Menji
Water
Water
Water
Draw
Water
Menji
Water
Water
Water
Menji
Water
Water
Menji
Menji
Water
Water
Water
Water
Water
Water
Draw
Water
Draw
Water
Menji
Menji
Water
Draw
Draw
Menji
Water
Water
Menji
Water
Draw
Water
Draw
Water
Menji
Menji
Menji
Water
Draw
Water
Water
Menji
Draw
Menji
Water
Menji
Draw
Water
Draw
Water
Water
Draw
Water
Water
Draw
Water
Draw
Menji
Water
Draw
Water
Water
Water
Draw
Water
Water
Water
Water
Water
Draw
Water
Menji
Menji
Menji
Water
Menji
Menji
Menji
Draw
Water
Water
Water
Menji
Water
Water
Water
Menji
Water
Water
Menji
Water
Menji
Water
Water
Menji
Water
Draw
Menji
Water
Draw
Water
Water
Draw
Draw
Menji
Water
Water
Menji
Menji
Water
Menji
Menji
Water
Water
Water
Water
Menji
Water
Menji
Menji
Water
Menji
Water
Menji
Menji
Menji
Water
Draw
Draw
Water
Water
Menji
Menji
Draw
Water
Water
Water
Water
Menji
Water
Draw
Menji
Water
Water
Water
Water
Water
Menji
Menji
Draw
Menji
Water
Draw
Draw
Menji
Draw
Menji
Water
Water
Menji
Menji
Water
Water
Menji
Menji
Water
Menji
Menji
Draw
Draw
Menji
Water
Menji
Water
Draw
Water
Menji
Draw
Water
Water
Water
Water
Water
Menji
Water
Water
Menji
Water
Water
Water
Water
Water
Menji
Draw
Draw
Water
Water
Water
Water
Menji
Menji
Menji
Water
Water
Draw
Menji
Water
Menji
Draw
Menji
Menji
Menji
Water
Water
Menji
Menji
Draw
Water
Draw
Menji
Water
Water
Draw
Menji
Draw
Draw
Menji
Draw
Draw
Water
Water
Menji
Water
Menji
Water
Menji
Water
Menji
Water
Draw
Water
Menji
Water
Water
Water
Draw
Menji
Water
Water
Water
Menji
Water
Water
Water
Water
Water
Draw
Water
Menji
Draw
Draw
Water
Water
Water
Menji
Menji
Water
Menji
Draw
Water
Water
Water
Water
Water
Menji
Water
Water
Draw
Water
Menji
Water
Draw
Draw
Water
Menji
Menji
Water
Water
Menji
Water
Water
Water
Water
Water
Water
Menji
Water
Water
Water
Draw
Menji
Water
Menji
Water
Water
Water
Water
Water
Draw
Water
Water
Menji
Menji
